============================= test session starts =============================
platform win32 -- Python 3.9.13, pytest-8.3.5, pluggy-1.5.0 -- C:\Users\HP\AppData\Local\Programs\Python\Python39\python.exe
cachedir: .pytest_cache
rootdir: C:\Gayathri\DataClean_OpenEnv
configfile: pyproject.toml
plugins: anyio-4.9.0, cov-7.0.0
collecting ... collected 21 items

tests/test_api.py::ApiTests::test_health_endpoint PASSED                 [  4%]
tests/test_api.py::ApiTests::test_metadata_schema_and_mcp_endpoints_exist PASSED [  9%]
tests/test_api.py::ApiTests::test_reset_defaults_to_easy_when_task_id_omitted PASSED [ 14%]
tests/test_api.py::ApiTests::test_reset_step_and_state_flow PASSED       [ 19%]
tests/test_api.py::ApiTests::test_state_unknown_session_returns_404 PASSED [ 23%]
tests/test_api.py::ApiTests::test_step_endpoint_rejects_invalid_typed_action PASSED [ 28%]
tests/test_api.py::ApiTests::test_tasks_endpoint_lists_all_tasks PASSED  [ 33%]
tests/test_api.py::ApiTests::test_validate_endpoint_returns_typed_success_payload PASSED [ 38%]
tests/test_env.py::EnvironmentTests::test_invalid_action_becomes_safe_no_op PASSED [ 42%]
tests/test_env.py::EnvironmentTests::test_max_steps_forces_episode_end PASSED [ 47%]
tests/test_env.py::EnvironmentTests::test_reset_returns_expected_observation_shape PASSED [ 52%]
tests/test_env.py::EnvironmentTests::test_scripted_easy_episode_finishes PASSED [ 57%]
tests/test_graders.py::GraderTests::test_dirty_scores_follow_expected_difficulty_curve PASSED [ 61%]
tests/test_graders.py::GraderTests::test_easy_grader_dirty_vs_clean PASSED [ 66%]
tests/test_graders.py::GraderTests::test_hard_grader_dirty_vs_clean PASSED [ 71%]
tests/test_graders.py::GraderTests::test_medium_grader_dirty_vs_clean PASSED [ 76%]
tests/test_models.py::ActionModelTests::test_cast_column_accepts_dtype_alias PASSED [ 80%]
tests/test_models.py::ActionModelTests::test_fill_nulls_constant_requires_value PASSED [ 85%]
tests/test_models.py::ActionModelTests::test_fill_nulls_median_is_valid PASSED [ 90%]
tests/test_models.py::ActionModelTests::test_submit_rejects_extra_fields PASSED [ 95%]
tests/test_models.py::ObservationModelTests::test_observation_requires_task_metadata_fields PASSED [100%]

============================= 21 passed in 4.11s ==============================
